// Jest Snapshot v1, https://goo.gl/fbAQLP

exports[`Board renders correctly 1`] = `
Object {
  "asFragment": [Function],
  "baseElement": <body>
    <div>
      <div
        class="board__BoardStyle-m7p6hi-0 fQuHWm"
      >
        <div
          class="boardTile__TileStyle-sc-1qqbdtl-0 kHlErL"
        />
        <div
          class="boardTile__TileStyle-sc-1qqbdtl-0 hzbRhk"
        />
        <div
          class="boardTile__TileStyle-sc-1qqbdtl-0 hzbRhk"
        />
        <div
          class="boardTile__TileStyle-sc-1qqbdtl-0 bjABBn"
        />
        <div
          class="boardTile__TileStyle-sc-1qqbdtl-0 hBnZjI"
        />
        <div
          class="boardTile__TileStyle-sc-1qqbdtl-0 hzbRhk"
        />
        <div
          class="boardTile__TileStyle-sc-1qqbdtl-0 hzbRhk"
        />
        <div
          class="boardTile__TileStyle-sc-1qqbdtl-0 hzbRhk"
        />
        <div
          class="boardTile__TileStyle-sc-1qqbdtl-0 hzbRhk"
        />
        <div
          class="boardTile__TileStyle-sc-1qqbdtl-0 bjABBn"
        />
        <div
          class="boardTile__TileStyle-sc-1qqbdtl-0 kHlErL"
        />
        <div
          class="boardTile__TileStyle-sc-1qqbdtl-0 hzbRhk"
        />
        <div
          class="boardTile__TileStyle-sc-1qqbdtl-0 hzbRhk"
        />
        <div
          class="boardTile__TileStyle-sc-1qqbdtl-0 hzbRhk"
        />
        <div
          class="boardTile__TileStyle-sc-1qqbdtl-0 hzbRhk"
        />
        <div
          class="boardTile__TileStyle-sc-1qqbdtl-0 bjABBn"
        />
        <div
          class="boardTile__TileStyle-sc-1qqbdtl-0 knmehA"
        />
        <div
          class="boardTile__TileStyle-sc-1qqbdtl-0 bpaMPH"
        />
        <div
          class="boardTile__TileStyle-sc-1qqbdtl-0 hEUoKj"
        />
        <div
          class="boardTile__TileStyle-sc-1qqbdtl-0 hEUoKj"
        />
        <div
          class="boardTile__TileStyle-sc-1qqbdtl-0 hzbRhk"
        />
        <div
          class="boardTile__TileStyle-sc-1qqbdtl-0 dnIJzc"
        />
        <div
          class="boardTile__TileStyle-sc-1qqbdtl-0 knmehA"
        />
        <div
          class="boardTile__TileStyle-sc-1qqbdtl-0 hEUoKj"
        />
        <div
          class="boardTile__TileStyle-sc-1qqbdtl-0 hEUoKj"
        />
        <div
          class="boardTile__TileStyle-sc-1qqbdtl-0 hEUoKj"
        />
        <div
          class="boardTile__TileStyle-sc-1qqbdtl-0 hEUoKj"
        />
        <div
          class="boardTile__TileStyle-sc-1qqbdtl-0 hEUoKj"
        />
        <div
          class="boardTile__TileStyle-sc-1qqbdtl-0 hEUoKj"
        />
        <div
          class="boardTile__TileStyle-sc-1qqbdtl-0 dnIJzc"
        />
        <div
          class="boardTile__TileStyle-sc-1qqbdtl-0 knmehA"
        />
        <div
          class="boardTile__TileStyle-sc-1qqbdtl-0 dnIJzc"
        />
        <div
          class="boardTile__TileStyle-sc-1qqbdtl-0 esNMOz"
        />
        <div
          class="boardTile__TileStyle-sc-1qqbdtl-0 gJuGMb"
        >
          <div
            draggable="true"
            style="box-shadow: 0 0 10px 5px #0ff; font-size: 1em; font-weight: bold; cursor: move;"
          >
            🤖
          </div>
        </div>
        <div
          class="boardTile__TileStyle-sc-1qqbdtl-0 hEUoKj"
        />
        <div
          class="boardTile__TileStyle-sc-1qqbdtl-0 hEUoKj"
        />
        <div
          class="boardTile__TileStyle-sc-1qqbdtl-0 hEUoKj"
        />
        <div
          class="boardTile__TileStyle-sc-1qqbdtl-0 hEUoKj"
        />
        <div
          class="boardTile__TileStyle-sc-1qqbdtl-0 hEUoKj"
        />
        <div
          class="boardTile__TileStyle-sc-1qqbdtl-0 hEUoKj"
        >
          <div
            draggable="true"
            style="box-shadow: 0 0 10px 5px #0ff; font-size: 1em; font-weight: bold; cursor: move;"
          >
            🦘
          </div>
        </div>
        <div
          class="boardTile__TileStyle-sc-1qqbdtl-0 hEUoKj"
        />
        <div
          class="boardTile__TileStyle-sc-1qqbdtl-0 hEUoKj"
        />
        <div
          class="boardTile__TileStyle-sc-1qqbdtl-0 dnIJzc"
        />
        <div
          class="boardTile__TileStyle-sc-1qqbdtl-0 gJuGMb"
        />
        <div
          class="boardTile__TileStyle-sc-1qqbdtl-0 hEUoKj"
        />
        <div
          class="boardTile__TileStyle-sc-1qqbdtl-0 hEUoKj"
        />
        <div
          class="boardTile__TileStyle-sc-1qqbdtl-0 hEUoKj"
        />
        <div
          class="boardTile__TileStyle-sc-1qqbdtl-0 dnIJzc"
        />
        <div
          class="boardTile__TileStyle-sc-1qqbdtl-0 gJuGMb"
        >
          <div
            draggable="true"
            style="box-shadow: 0 0 10px 5px #0ff; font-size: 1em; font-weight: bold; cursor: move;"
          >
            🎱
          </div>
        </div>
        <div
          class="boardTile__TileStyle-sc-1qqbdtl-0 hzbRhk"
        />
        <div
          class="boardTile__TileStyle-sc-1qqbdtl-0 hEUoKj"
        />
        <div
          class="boardTile__TileStyle-sc-1qqbdtl-0 hEUoKj"
        />
        <div
          class="boardTile__TileStyle-sc-1qqbdtl-0 hEUoKj"
        />
        <div
          class="boardTile__TileStyle-sc-1qqbdtl-0 hEUoKj"
        />
        <div
          class="boardTile__TileStyle-sc-1qqbdtl-0 dUcGDc"
        />
        <div
          class="boardTile__TileStyle-sc-1qqbdtl-0 hEUoKj"
        />
        <div
          class="boardTile__TileStyle-sc-1qqbdtl-0 hEUoKj"
        />
        <div
          class="boardTile__TileStyle-sc-1qqbdtl-0 hEUoKj"
        />
        <div
          class="boardTile__TileStyle-sc-1qqbdtl-0 hEUoKj"
        />
        <div
          class="boardTile__TileStyle-sc-1qqbdtl-0 hzbRhk"
        />
        <div
          class="boardTile__TileStyle-sc-1qqbdtl-0 hEUoKj"
        />
        <div
          class="boardTile__TileStyle-sc-1qqbdtl-0 hEUoKj"
        />
        <div
          class="boardTile__TileStyle-sc-1qqbdtl-0 hEUoKj"
        />
        <div
          class="boardTile__TileStyle-sc-1qqbdtl-0 hnAJBn"
        />
        <div
          class="boardTile__TileStyle-sc-1qqbdtl-0 kHlErL"
        />
        <div
          class="boardTile__TileStyle-sc-1qqbdtl-0 hEUoKj"
        />
        <div
          class="boardTile__TileStyle-sc-1qqbdtl-0 hEUoKj"
        />
        <div
          class="boardTile__TileStyle-sc-1qqbdtl-0 hEUoKj"
        />
        <div
          class="boardTile__TileStyle-sc-1qqbdtl-0 hEUoKj"
        />
        <div
          class="boardTile__TileStyle-sc-1qqbdtl-0 dnIJzc"
        />
        <div
          class="boardTile__TileStyle-sc-1qqbdtl-0 kHlErL"
        />
        <div
          class="boardTile__TileStyle-sc-1qqbdtl-0 hEUoKj"
        />
        <div
          class="boardTile__TileStyle-sc-1qqbdtl-0 hEUoKj"
        />
        <div
          class="boardTile__TileStyle-sc-1qqbdtl-0 hEUoKj"
        />
        <div
          class="boardTile__TileStyle-sc-1qqbdtl-0 hEUoKj"
        />
        <div
          class="boardTile__TileStyle-sc-1qqbdtl-0 hEUoKj"
        />
        <div
          class="boardTile__TileStyle-sc-1qqbdtl-0 hEUoKj"
        />
        <div
          class="boardTile__TileStyle-sc-1qqbdtl-0 hEUoKj"
        />
        <div
          class="boardTile__TileStyle-sc-1qqbdtl-0 hEUoKj"
        />
        <div
          class="boardTile__TileStyle-sc-1qqbdtl-0 bjABBn"
        />
        <div
          class="boardTile__TileStyle-sc-1qqbdtl-0 knmehA"
        />
        <div
          class="boardTile__TileStyle-sc-1qqbdtl-0 hEUoKj"
        />
        <div
          class="boardTile__TileStyle-sc-1qqbdtl-0 dUcGDc"
        />
        <div
          class="boardTile__TileStyle-sc-1qqbdtl-0 hEUoKj"
        />
        <div
          class="boardTile__TileStyle-sc-1qqbdtl-0 hEUoKj"
        />
        <div
          class="boardTile__TileStyle-sc-1qqbdtl-0 hEUoKj"
        />
        <div
          class="boardTile__TileStyle-sc-1qqbdtl-0 hEUoKj"
        />
        <div
          class="boardTile__TileStyle-sc-1qqbdtl-0 hEUoKj"
        />
        <div
          class="boardTile__TileStyle-sc-1qqbdtl-0 hEUoKj"
        />
        <div
          class="boardTile__TileStyle-sc-1qqbdtl-0 hEUoKj"
        />
        <div
          class="boardTile__TileStyle-sc-1qqbdtl-0 hEUoKj"
        />
        <div
          class="boardTile__TileStyle-sc-1qqbdtl-0 hEUoKj"
        />
        <div
          class="boardTile__TileStyle-sc-1qqbdtl-0 hEUoKj"
        />
        <div
          class="boardTile__TileStyle-sc-1qqbdtl-0 hEUoKj"
        />
        <div
          class="boardTile__TileStyle-sc-1qqbdtl-0 hEUoKj"
        />
        <div
          class="boardTile__TileStyle-sc-1qqbdtl-0 dnIJzc"
        />
        <div
          class="boardTile__TileStyle-sc-1qqbdtl-0 knmehA"
        />
        <div
          class="boardTile__TileStyle-sc-1qqbdtl-0 hEUoKj"
        />
        <div
          class="boardTile__TileStyle-sc-1qqbdtl-0 bjABBn"
        />
        <div
          class="boardTile__TileStyle-sc-1qqbdtl-0 knmehA"
        />
        <div
          class="boardTile__TileStyle-sc-1qqbdtl-0 hEUoKj"
        />
        <div
          class="boardTile__TileStyle-sc-1qqbdtl-0 hEUoKj"
        />
        <div
          class="boardTile__TileStyle-sc-1qqbdtl-0 hEUoKj"
        />
        <div
          class="boardTile__TileStyle-sc-1qqbdtl-0 dUcGDc"
        />
        <div
          class="boardTile__TileStyle-sc-1qqbdtl-0 dUcGDc"
        />
        <div
          class="boardTile__TileStyle-sc-1qqbdtl-0 hEUoKj"
        />
        <div
          class="boardTile__TileStyle-sc-1qqbdtl-0 dUcGDc"
        />
        <div
          class="boardTile__TileStyle-sc-1qqbdtl-0 hEUoKj"
        />
        <div
          class="boardTile__TileStyle-sc-1qqbdtl-0 hEUoKj"
        />
        <div
          class="boardTile__TileStyle-sc-1qqbdtl-0 hnAJBn"
        />
        <div
          class="boardTile__TileStyle-sc-1qqbdtl-0 knmehA"
        />
        <div
          class="boardTile__TileStyle-sc-1qqbdtl-0 dnIJzc"
        />
        <div
          class="boardTile__TileStyle-sc-1qqbdtl-0 knmehA"
        />
        <div
          class="boardTile__TileStyle-sc-1qqbdtl-0 hEUoKj"
        />
        <div
          class="boardTile__TileStyle-sc-1qqbdtl-0 hEUoKj"
        />
        <div
          class="boardTile__TileStyle-sc-1qqbdtl-0 hEUoKj"
        />
        <div
          class="boardTile__TileStyle-sc-1qqbdtl-0 hEUoKj"
        />
        <div
          class="boardTile__TileStyle-sc-1qqbdtl-0 dUcGDc"
        />
        <div
          class="boardTile__TileStyle-sc-1qqbdtl-0 dnIJzc"
        />
        <div
          class="boardTile__TileStyle-sc-1qqbdtl-0 kHlErL"
        />
        <div
          class="boardTile__TileStyle-sc-1qqbdtl-0 bjABBn"
        />
        <div
          class="boardTile__TileStyle-sc-1qqbdtl-0 knmehA"
        />
        <div
          class="boardTile__TileStyle-sc-1qqbdtl-0 bjABBn"
        />
        <div
          class="boardTile__TileStyle-sc-1qqbdtl-0 knmehA"
        />
        <div
          class="boardTile__TileStyle-sc-1qqbdtl-0 hEUoKj"
        />
        <div
          class="boardTile__TileStyle-sc-1qqbdtl-0 hzbRhk"
        />
        <div
          class="boardTile__TileStyle-sc-1qqbdtl-0 hEUoKj"
        />
        <div
          class="boardTile__TileStyle-sc-1qqbdtl-0 dnIJzc"
        />
        <div
          class="boardTile__TileStyle-sc-1qqbdtl-0 knmehA"
        />
        <div
          class="boardTile__TileStyle-sc-1qqbdtl-0 hEUoKj"
        />
        <div
          class="boardTile__TileStyle-sc-1qqbdtl-0 hEUoKj"
        />
        <div
          class="boardTile__TileStyle-sc-1qqbdtl-0 hEUoKj"
        />
        <div
          class="boardTile__TileStyle-sc-1qqbdtl-0 hEUoKj"
        />
        <div
          class="boardTile__TileStyle-sc-1qqbdtl-0 bjABBn"
        />
        <div
          class="boardTile__TileStyle-sc-1qqbdtl-0 esNMOz"
        />
        <div
          class="boardTile__TileStyle-sc-1qqbdtl-0 gJuGMb"
        />
        <div
          class="boardTile__TileStyle-sc-1qqbdtl-0 hnAJBn"
        />
        <div
          class="boardTile__TileStyle-sc-1qqbdtl-0 knmehA"
        />
        <div
          class="boardTile__TileStyle-sc-1qqbdtl-0 hEUoKj"
        />
        <div
          class="boardTile__TileStyle-sc-1qqbdtl-0 hEUoKj"
        />
        <div
          class="boardTile__TileStyle-sc-1qqbdtl-0 dUcGDc"
        />
        <div
          class="boardTile__TileStyle-sc-1qqbdtl-0 hEUoKj"
        />
        <div
          class="boardTile__TileStyle-sc-1qqbdtl-0 hEUoKj"
        />
        <div
          class="boardTile__TileStyle-sc-1qqbdtl-0 dnIJzc"
        />
        <div
          class="boardTile__TileStyle-sc-1qqbdtl-0 knmehA"
        />
        <div
          class="boardTile__TileStyle-sc-1qqbdtl-0 hnAJBn"
        />
        <div
          class="boardTile__TileStyle-sc-1qqbdtl-0 knmehA"
        />
        <div
          class="boardTile__TileStyle-sc-1qqbdtl-0 hEUoKj"
        />
        <div
          class="boardTile__TileStyle-sc-1qqbdtl-0 hEUoKj"
        />
        <div
          class="boardTile__TileStyle-sc-1qqbdtl-0 hEUoKj"
        />
        <div
          class="boardTile__TileStyle-sc-1qqbdtl-0 hEUoKj"
        />
        <div
          class="boardTile__TileStyle-sc-1qqbdtl-0 hzbRhk"
        />
        <div
          class="boardTile__TileStyle-sc-1qqbdtl-0 hzbRhk"
        />
        <div
          class="boardTile__TileStyle-sc-1qqbdtl-0 hEUoKj"
        />
        <div
          class="boardTile__TileStyle-sc-1qqbdtl-0 hEUoKj"
        />
        <div
          class="boardTile__TileStyle-sc-1qqbdtl-0 hEUoKj"
        />
        <div
          class="boardTile__TileStyle-sc-1qqbdtl-0 bjABBn"
        />
        <div
          class="boardTile__TileStyle-sc-1qqbdtl-0 knmehA"
        />
        <div
          class="boardTile__TileStyle-sc-1qqbdtl-0 hEUoKj"
        />
        <div
          class="boardTile__TileStyle-sc-1qqbdtl-0 hnAJBn"
        />
        <div
          class="boardTile__TileStyle-sc-1qqbdtl-0 knmehA"
        />
        <div
          class="boardTile__TileStyle-sc-1qqbdtl-0 hzbRhk"
        />
        <div
          class="boardTile__TileStyle-sc-1qqbdtl-0 hEUoKj"
        />
        <div
          class="boardTile__TileStyle-sc-1qqbdtl-0 dnIJzc"
        />
        <div
          class="boardTile__TileStyle-sc-1qqbdtl-0 gJuGMb"
        />
        <div
          class="boardTile__TileStyle-sc-1qqbdtl-0 hEUoKj"
        />
        <div
          class="boardTile__TileStyle-sc-1qqbdtl-0 hEUoKj"
        />
        <div
          class="boardTile__TileStyle-sc-1qqbdtl-0 hEUoKj"
        />
        <div
          class="boardTile__TileStyle-sc-1qqbdtl-0 dnIJzc"
        />
        <div
          class="boardTile__TileStyle-sc-1qqbdtl-0 knmehA"
        />
        <div
          class="boardTile__TileStyle-sc-1qqbdtl-0 dUcGDc"
        />
        <div
          class="boardTile__TileStyle-sc-1qqbdtl-0 hEUoKj"
        />
        <div
          class="boardTile__TileStyle-sc-1qqbdtl-0 hEUoKj"
        />
        <div
          class="boardTile__TileStyle-sc-1qqbdtl-0 hEUoKj"
        />
        <div
          class="boardTile__TileStyle-sc-1qqbdtl-0 hEUoKj"
        />
        <div
          class="boardTile__TileStyle-sc-1qqbdtl-0 bjABBn"
        />
        <div
          class="boardTile__TileStyle-sc-1qqbdtl-0 gJuGMb"
        />
        <div
          class="boardTile__TileStyle-sc-1qqbdtl-0 hEUoKj"
        />
        <div
          class="boardTile__TileStyle-sc-1qqbdtl-0 hEUoKj"
        />
        <div
          class="boardTile__TileStyle-sc-1qqbdtl-0 hEUoKj"
        />
        <div
          class="boardTile__TileStyle-sc-1qqbdtl-0 hzbRhk"
        />
        <div
          class="boardTile__TileStyle-sc-1qqbdtl-0 hEUoKj"
        />
        <div
          class="boardTile__TileStyle-sc-1qqbdtl-0 hEUoKj"
        />
        <div
          class="boardTile__TileStyle-sc-1qqbdtl-0 hEUoKj"
        />
        <div
          class="boardTile__TileStyle-sc-1qqbdtl-0 hEUoKj"
        />
        <div
          class="boardTile__TileStyle-sc-1qqbdtl-0 hEUoKj"
        />
        <div
          class="boardTile__TileStyle-sc-1qqbdtl-0 hzbRhk"
        />
        <div
          class="boardTile__TileStyle-sc-1qqbdtl-0 hEUoKj"
        />
        <div
          class="boardTile__TileStyle-sc-1qqbdtl-0 hEUoKj"
        />
        <div
          class="boardTile__TileStyle-sc-1qqbdtl-0 hEUoKj"
        />
        <div
          class="boardTile__TileStyle-sc-1qqbdtl-0 hEUoKj"
        />
        <div
          class="boardTile__TileStyle-sc-1qqbdtl-0 dnIJzc"
        />
        <div
          class="boardTile__TileStyle-sc-1qqbdtl-0 kHlErL"
        />
        <div
          class="boardTile__TileStyle-sc-1qqbdtl-0 hEUoKj"
        />
        <div
          class="boardTile__TileStyle-sc-1qqbdtl-0 hEUoKj"
        />
        <div
          class="boardTile__TileStyle-sc-1qqbdtl-0 hEUoKj"
        />
        <div
          class="boardTile__TileStyle-sc-1qqbdtl-0 hEUoKj"
        />
        <div
          class="boardTile__TileStyle-sc-1qqbdtl-0 dUcGDc"
        />
        <div
          class="boardTile__TileStyle-sc-1qqbdtl-0 hEUoKj"
        />
        <div
          class="boardTile__TileStyle-sc-1qqbdtl-0 hEUoKj"
        />
        <div
          class="boardTile__TileStyle-sc-1qqbdtl-0 hEUoKj"
        />
        <div
          class="boardTile__TileStyle-sc-1qqbdtl-0 hEUoKj"
        />
        <div
          class="boardTile__TileStyle-sc-1qqbdtl-0 hEUoKj"
        />
        <div
          class="boardTile__TileStyle-sc-1qqbdtl-0 hEUoKj"
        />
        <div
          class="boardTile__TileStyle-sc-1qqbdtl-0 hEUoKj"
        />
        <div
          class="boardTile__TileStyle-sc-1qqbdtl-0 hEUoKj"
        />
        <div
          class="boardTile__TileStyle-sc-1qqbdtl-0 hEUoKj"
        />
        <div
          class="boardTile__TileStyle-sc-1qqbdtl-0 dnIJzc"
        />
        <div
          class="boardTile__TileStyle-sc-1qqbdtl-0 knmehA"
        />
        <div
          class="boardTile__TileStyle-sc-1qqbdtl-0 hEUoKj"
        />
        <div
          class="boardTile__TileStyle-sc-1qqbdtl-0 hEUoKj"
        />
        <div
          class="boardTile__TileStyle-sc-1qqbdtl-0 dUcGDc"
        />
        <div
          class="boardTile__TileStyle-sc-1qqbdtl-0 dnIJzc"
        />
        <div
          class="boardTile__TileStyle-sc-1qqbdtl-0 evSgDc"
        />
        <div
          class="boardTile__TileStyle-sc-1qqbdtl-0 knmehA"
        />
        <div
          class="boardTile__TileStyle-sc-1qqbdtl-0 hEUoKj"
        />
        <div
          class="boardTile__TileStyle-sc-1qqbdtl-0 hEUoKj"
        />
        <div
          class="boardTile__TileStyle-sc-1qqbdtl-0 dUcGDc"
        />
        <div
          class="boardTile__TileStyle-sc-1qqbdtl-0 hEUoKj"
        />
        <div
          class="boardTile__TileStyle-sc-1qqbdtl-0 hEUoKj"
        />
        <div
          class="boardTile__TileStyle-sc-1qqbdtl-0 hEUoKj"
        />
        <div
          class="boardTile__TileStyle-sc-1qqbdtl-0 hEUoKj"
        />
        <div
          class="boardTile__TileStyle-sc-1qqbdtl-0 dUcGDc"
        />
        <div
          class="boardTile__TileStyle-sc-1qqbdtl-0 dnIJzc"
        />
        <div
          class="boardTile__TileStyle-sc-1qqbdtl-0 knmehA"
        />
        <div
          class="boardTile__TileStyle-sc-1qqbdtl-0 hEUoKj"
        />
        <div
          class="boardTile__TileStyle-sc-1qqbdtl-0 dnIJzc"
        />
        <div
          class="boardTile__TileStyle-sc-1qqbdtl-0 kHlErL"
        />
        <div
          class="boardTile__TileStyle-sc-1qqbdtl-0 hEUoKj"
        />
        <div
          class="boardTile__TileStyle-sc-1qqbdtl-0 hEUoKj"
        />
        <div
          class="boardTile__TileStyle-sc-1qqbdtl-0 hEUoKj"
        />
        <div
          class="boardTile__TileStyle-sc-1qqbdtl-0 hEUoKj"
        />
        <div
          class="boardTile__TileStyle-sc-1qqbdtl-0 dnIJzc"
        />
        <div
          class="boardTile__TileStyle-sc-1qqbdtl-0 kHlErL"
        />
        <div
          class="boardTile__TileStyle-sc-1qqbdtl-0 hEUoKj"
        />
        <div
          class="boardTile__TileStyle-sc-1qqbdtl-0 hEUoKj"
        />
        <div
          class="boardTile__TileStyle-sc-1qqbdtl-0 hEUoKj"
        />
        <div
          class="boardTile__TileStyle-sc-1qqbdtl-0 hEUoKj"
        />
        <div
          class="boardTile__TileStyle-sc-1qqbdtl-0 hzbRhk"
        />
        <div
          class="boardTile__TileStyle-sc-1qqbdtl-0 dnIJzc"
        />
        <div
          class="boardTile__TileStyle-sc-1qqbdtl-0 gJuGMb"
        />
        <div
          class="boardTile__TileStyle-sc-1qqbdtl-0 dUcGDc"
        />
        <div
          class="boardTile__TileStyle-sc-1qqbdtl-0 dUcGDc"
        />
        <div
          class="boardTile__TileStyle-sc-1qqbdtl-0 dUcGDc"
        />
        <div
          class="boardTile__TileStyle-sc-1qqbdtl-0 dUcGDc"
        />
        <div
          class="boardTile__TileStyle-sc-1qqbdtl-0 dUcGDc"
        />
        <div
          class="boardTile__TileStyle-sc-1qqbdtl-0 hnAJBn"
        />
        <div
          class="boardTile__TileStyle-sc-1qqbdtl-0 gJuGMb"
        />
        <div
          class="boardTile__TileStyle-sc-1qqbdtl-0 dUcGDc"
        />
        <div
          class="boardTile__TileStyle-sc-1qqbdtl-0 dUcGDc"
        />
        <div
          class="boardTile__TileStyle-sc-1qqbdtl-0 hnAJBn"
        />
        <div
          class="boardTile__TileStyle-sc-1qqbdtl-0 gJuGMb"
        />
        <div
          class="boardTile__TileStyle-sc-1qqbdtl-0 dUcGDc"
        />
        <div
          class="boardTile__TileStyle-sc-1qqbdtl-0 dUcGDc"
        />
        <div
          class="boardTile__TileStyle-sc-1qqbdtl-0 dUcGDc"
        />
        <div
          class="boardTile__TileStyle-sc-1qqbdtl-0 hnAJBn"
        />
      </div>
    </div>
  </body>,
  "container": <div>
    <div
      class="board__BoardStyle-m7p6hi-0 fQuHWm"
    >
      <div
        class="boardTile__TileStyle-sc-1qqbdtl-0 kHlErL"
      />
      <div
        class="boardTile__TileStyle-sc-1qqbdtl-0 hzbRhk"
      />
      <div
        class="boardTile__TileStyle-sc-1qqbdtl-0 hzbRhk"
      />
      <div
        class="boardTile__TileStyle-sc-1qqbdtl-0 bjABBn"
      />
      <div
        class="boardTile__TileStyle-sc-1qqbdtl-0 hBnZjI"
      />
      <div
        class="boardTile__TileStyle-sc-1qqbdtl-0 hzbRhk"
      />
      <div
        class="boardTile__TileStyle-sc-1qqbdtl-0 hzbRhk"
      />
      <div
        class="boardTile__TileStyle-sc-1qqbdtl-0 hzbRhk"
      />
      <div
        class="boardTile__TileStyle-sc-1qqbdtl-0 hzbRhk"
      />
      <div
        class="boardTile__TileStyle-sc-1qqbdtl-0 bjABBn"
      />
      <div
        class="boardTile__TileStyle-sc-1qqbdtl-0 kHlErL"
      />
      <div
        class="boardTile__TileStyle-sc-1qqbdtl-0 hzbRhk"
      />
      <div
        class="boardTile__TileStyle-sc-1qqbdtl-0 hzbRhk"
      />
      <div
        class="boardTile__TileStyle-sc-1qqbdtl-0 hzbRhk"
      />
      <div
        class="boardTile__TileStyle-sc-1qqbdtl-0 hzbRhk"
      />
      <div
        class="boardTile__TileStyle-sc-1qqbdtl-0 bjABBn"
      />
      <div
        class="boardTile__TileStyle-sc-1qqbdtl-0 knmehA"
      />
      <div
        class="boardTile__TileStyle-sc-1qqbdtl-0 bpaMPH"
      />
      <div
        class="boardTile__TileStyle-sc-1qqbdtl-0 hEUoKj"
      />
      <div
        class="boardTile__TileStyle-sc-1qqbdtl-0 hEUoKj"
      />
      <div
        class="boardTile__TileStyle-sc-1qqbdtl-0 hzbRhk"
      />
      <div
        class="boardTile__TileStyle-sc-1qqbdtl-0 dnIJzc"
      />
      <div
        class="boardTile__TileStyle-sc-1qqbdtl-0 knmehA"
      />
      <div
        class="boardTile__TileStyle-sc-1qqbdtl-0 hEUoKj"
      />
      <div
        class="boardTile__TileStyle-sc-1qqbdtl-0 hEUoKj"
      />
      <div
        class="boardTile__TileStyle-sc-1qqbdtl-0 hEUoKj"
      />
      <div
        class="boardTile__TileStyle-sc-1qqbdtl-0 hEUoKj"
      />
      <div
        class="boardTile__TileStyle-sc-1qqbdtl-0 hEUoKj"
      />
      <div
        class="boardTile__TileStyle-sc-1qqbdtl-0 hEUoKj"
      />
      <div
        class="boardTile__TileStyle-sc-1qqbdtl-0 dnIJzc"
      />
      <div
        class="boardTile__TileStyle-sc-1qqbdtl-0 knmehA"
      />
      <div
        class="boardTile__TileStyle-sc-1qqbdtl-0 dnIJzc"
      />
      <div
        class="boardTile__TileStyle-sc-1qqbdtl-0 esNMOz"
      />
      <div
        class="boardTile__TileStyle-sc-1qqbdtl-0 gJuGMb"
      >
        <div
          draggable="true"
          style="box-shadow: 0 0 10px 5px #0ff; font-size: 1em; font-weight: bold; cursor: move;"
        >
          🤖
        </div>
      </div>
      <div
        class="boardTile__TileStyle-sc-1qqbdtl-0 hEUoKj"
      />
      <div
        class="boardTile__TileStyle-sc-1qqbdtl-0 hEUoKj"
      />
      <div
        class="boardTile__TileStyle-sc-1qqbdtl-0 hEUoKj"
      />
      <div
        class="boardTile__TileStyle-sc-1qqbdtl-0 hEUoKj"
      />
      <div
        class="boardTile__TileStyle-sc-1qqbdtl-0 hEUoKj"
      />
      <div
        class="boardTile__TileStyle-sc-1qqbdtl-0 hEUoKj"
      >
        <div
          draggable="true"
          style="box-shadow: 0 0 10px 5px #0ff; font-size: 1em; font-weight: bold; cursor: move;"
        >
          🦘
        </div>
      </div>
      <div
        class="boardTile__TileStyle-sc-1qqbdtl-0 hEUoKj"
      />
      <div
        class="boardTile__TileStyle-sc-1qqbdtl-0 hEUoKj"
      />
      <div
        class="boardTile__TileStyle-sc-1qqbdtl-0 dnIJzc"
      />
      <div
        class="boardTile__TileStyle-sc-1qqbdtl-0 gJuGMb"
      />
      <div
        class="boardTile__TileStyle-sc-1qqbdtl-0 hEUoKj"
      />
      <div
        class="boardTile__TileStyle-sc-1qqbdtl-0 hEUoKj"
      />
      <div
        class="boardTile__TileStyle-sc-1qqbdtl-0 hEUoKj"
      />
      <div
        class="boardTile__TileStyle-sc-1qqbdtl-0 dnIJzc"
      />
      <div
        class="boardTile__TileStyle-sc-1qqbdtl-0 gJuGMb"
      >
        <div
          draggable="true"
          style="box-shadow: 0 0 10px 5px #0ff; font-size: 1em; font-weight: bold; cursor: move;"
        >
          🎱
        </div>
      </div>
      <div
        class="boardTile__TileStyle-sc-1qqbdtl-0 hzbRhk"
      />
      <div
        class="boardTile__TileStyle-sc-1qqbdtl-0 hEUoKj"
      />
      <div
        class="boardTile__TileStyle-sc-1qqbdtl-0 hEUoKj"
      />
      <div
        class="boardTile__TileStyle-sc-1qqbdtl-0 hEUoKj"
      />
      <div
        class="boardTile__TileStyle-sc-1qqbdtl-0 hEUoKj"
      />
      <div
        class="boardTile__TileStyle-sc-1qqbdtl-0 dUcGDc"
      />
      <div
        class="boardTile__TileStyle-sc-1qqbdtl-0 hEUoKj"
      />
      <div
        class="boardTile__TileStyle-sc-1qqbdtl-0 hEUoKj"
      />
      <div
        class="boardTile__TileStyle-sc-1qqbdtl-0 hEUoKj"
      />
      <div
        class="boardTile__TileStyle-sc-1qqbdtl-0 hEUoKj"
      />
      <div
        class="boardTile__TileStyle-sc-1qqbdtl-0 hzbRhk"
      />
      <div
        class="boardTile__TileStyle-sc-1qqbdtl-0 hEUoKj"
      />
      <div
        class="boardTile__TileStyle-sc-1qqbdtl-0 hEUoKj"
      />
      <div
        class="boardTile__TileStyle-sc-1qqbdtl-0 hEUoKj"
      />
      <div
        class="boardTile__TileStyle-sc-1qqbdtl-0 hnAJBn"
      />
      <div
        class="boardTile__TileStyle-sc-1qqbdtl-0 kHlErL"
      />
      <div
        class="boardTile__TileStyle-sc-1qqbdtl-0 hEUoKj"
      />
      <div
        class="boardTile__TileStyle-sc-1qqbdtl-0 hEUoKj"
      />
      <div
        class="boardTile__TileStyle-sc-1qqbdtl-0 hEUoKj"
      />
      <div
        class="boardTile__TileStyle-sc-1qqbdtl-0 hEUoKj"
      />
      <div
        class="boardTile__TileStyle-sc-1qqbdtl-0 dnIJzc"
      />
      <div
        class="boardTile__TileStyle-sc-1qqbdtl-0 kHlErL"
      />
      <div
        class="boardTile__TileStyle-sc-1qqbdtl-0 hEUoKj"
      />
      <div
        class="boardTile__TileStyle-sc-1qqbdtl-0 hEUoKj"
      />
      <div
        class="boardTile__TileStyle-sc-1qqbdtl-0 hEUoKj"
      />
      <div
        class="boardTile__TileStyle-sc-1qqbdtl-0 hEUoKj"
      />
      <div
        class="boardTile__TileStyle-sc-1qqbdtl-0 hEUoKj"
      />
      <div
        class="boardTile__TileStyle-sc-1qqbdtl-0 hEUoKj"
      />
      <div
        class="boardTile__TileStyle-sc-1qqbdtl-0 hEUoKj"
      />
      <div
        class="boardTile__TileStyle-sc-1qqbdtl-0 hEUoKj"
      />
      <div
        class="boardTile__TileStyle-sc-1qqbdtl-0 bjABBn"
      />
      <div
        class="boardTile__TileStyle-sc-1qqbdtl-0 knmehA"
      />
      <div
        class="boardTile__TileStyle-sc-1qqbdtl-0 hEUoKj"
      />
      <div
        class="boardTile__TileStyle-sc-1qqbdtl-0 dUcGDc"
      />
      <div
        class="boardTile__TileStyle-sc-1qqbdtl-0 hEUoKj"
      />
      <div
        class="boardTile__TileStyle-sc-1qqbdtl-0 hEUoKj"
      />
      <div
        class="boardTile__TileStyle-sc-1qqbdtl-0 hEUoKj"
      />
      <div
        class="boardTile__TileStyle-sc-1qqbdtl-0 hEUoKj"
      />
      <div
        class="boardTile__TileStyle-sc-1qqbdtl-0 hEUoKj"
      />
      <div
        class="boardTile__TileStyle-sc-1qqbdtl-0 hEUoKj"
      />
      <div
        class="boardTile__TileStyle-sc-1qqbdtl-0 hEUoKj"
      />
      <div
        class="boardTile__TileStyle-sc-1qqbdtl-0 hEUoKj"
      />
      <div
        class="boardTile__TileStyle-sc-1qqbdtl-0 hEUoKj"
      />
      <div
        class="boardTile__TileStyle-sc-1qqbdtl-0 hEUoKj"
      />
      <div
        class="boardTile__TileStyle-sc-1qqbdtl-0 hEUoKj"
      />
      <div
        class="boardTile__TileStyle-sc-1qqbdtl-0 hEUoKj"
      />
      <div
        class="boardTile__TileStyle-sc-1qqbdtl-0 dnIJzc"
      />
      <div
        class="boardTile__TileStyle-sc-1qqbdtl-0 knmehA"
      />
      <div
        class="boardTile__TileStyle-sc-1qqbdtl-0 hEUoKj"
      />
      <div
        class="boardTile__TileStyle-sc-1qqbdtl-0 bjABBn"
      />
      <div
        class="boardTile__TileStyle-sc-1qqbdtl-0 knmehA"
      />
      <div
        class="boardTile__TileStyle-sc-1qqbdtl-0 hEUoKj"
      />
      <div
        class="boardTile__TileStyle-sc-1qqbdtl-0 hEUoKj"
      />
      <div
        class="boardTile__TileStyle-sc-1qqbdtl-0 hEUoKj"
      />
      <div
        class="boardTile__TileStyle-sc-1qqbdtl-0 dUcGDc"
      />
      <div
        class="boardTile__TileStyle-sc-1qqbdtl-0 dUcGDc"
      />
      <div
        class="boardTile__TileStyle-sc-1qqbdtl-0 hEUoKj"
      />
      <div
        class="boardTile__TileStyle-sc-1qqbdtl-0 dUcGDc"
      />
      <div
        class="boardTile__TileStyle-sc-1qqbdtl-0 hEUoKj"
      />
      <div
        class="boardTile__TileStyle-sc-1qqbdtl-0 hEUoKj"
      />
      <div
        class="boardTile__TileStyle-sc-1qqbdtl-0 hnAJBn"
      />
      <div
        class="boardTile__TileStyle-sc-1qqbdtl-0 knmehA"
      />
      <div
        class="boardTile__TileStyle-sc-1qqbdtl-0 dnIJzc"
      />
      <div
        class="boardTile__TileStyle-sc-1qqbdtl-0 knmehA"
      />
      <div
        class="boardTile__TileStyle-sc-1qqbdtl-0 hEUoKj"
      />
      <div
        class="boardTile__TileStyle-sc-1qqbdtl-0 hEUoKj"
      />
      <div
        class="boardTile__TileStyle-sc-1qqbdtl-0 hEUoKj"
      />
      <div
        class="boardTile__TileStyle-sc-1qqbdtl-0 hEUoKj"
      />
      <div
        class="boardTile__TileStyle-sc-1qqbdtl-0 dUcGDc"
      />
      <div
        class="boardTile__TileStyle-sc-1qqbdtl-0 dnIJzc"
      />
      <div
        class="boardTile__TileStyle-sc-1qqbdtl-0 kHlErL"
      />
      <div
        class="boardTile__TileStyle-sc-1qqbdtl-0 bjABBn"
      />
      <div
        class="boardTile__TileStyle-sc-1qqbdtl-0 knmehA"
      />
      <div
        class="boardTile__TileStyle-sc-1qqbdtl-0 bjABBn"
      />
      <div
        class="boardTile__TileStyle-sc-1qqbdtl-0 knmehA"
      />
      <div
        class="boardTile__TileStyle-sc-1qqbdtl-0 hEUoKj"
      />
      <div
        class="boardTile__TileStyle-sc-1qqbdtl-0 hzbRhk"
      />
      <div
        class="boardTile__TileStyle-sc-1qqbdtl-0 hEUoKj"
      />
      <div
        class="boardTile__TileStyle-sc-1qqbdtl-0 dnIJzc"
      />
      <div
        class="boardTile__TileStyle-sc-1qqbdtl-0 knmehA"
      />
      <div
        class="boardTile__TileStyle-sc-1qqbdtl-0 hEUoKj"
      />
      <div
        class="boardTile__TileStyle-sc-1qqbdtl-0 hEUoKj"
      />
      <div
        class="boardTile__TileStyle-sc-1qqbdtl-0 hEUoKj"
      />
      <div
        class="boardTile__TileStyle-sc-1qqbdtl-0 hEUoKj"
      />
      <div
        class="boardTile__TileStyle-sc-1qqbdtl-0 bjABBn"
      />
      <div
        class="boardTile__TileStyle-sc-1qqbdtl-0 esNMOz"
      />
      <div
        class="boardTile__TileStyle-sc-1qqbdtl-0 gJuGMb"
      />
      <div
        class="boardTile__TileStyle-sc-1qqbdtl-0 hnAJBn"
      />
      <div
        class="boardTile__TileStyle-sc-1qqbdtl-0 knmehA"
      />
      <div
        class="boardTile__TileStyle-sc-1qqbdtl-0 hEUoKj"
      />
      <div
        class="boardTile__TileStyle-sc-1qqbdtl-0 hEUoKj"
      />
      <div
        class="boardTile__TileStyle-sc-1qqbdtl-0 dUcGDc"
      />
      <div
        class="boardTile__TileStyle-sc-1qqbdtl-0 hEUoKj"
      />
      <div
        class="boardTile__TileStyle-sc-1qqbdtl-0 hEUoKj"
      />
      <div
        class="boardTile__TileStyle-sc-1qqbdtl-0 dnIJzc"
      />
      <div
        class="boardTile__TileStyle-sc-1qqbdtl-0 knmehA"
      />
      <div
        class="boardTile__TileStyle-sc-1qqbdtl-0 hnAJBn"
      />
      <div
        class="boardTile__TileStyle-sc-1qqbdtl-0 knmehA"
      />
      <div
        class="boardTile__TileStyle-sc-1qqbdtl-0 hEUoKj"
      />
      <div
        class="boardTile__TileStyle-sc-1qqbdtl-0 hEUoKj"
      />
      <div
        class="boardTile__TileStyle-sc-1qqbdtl-0 hEUoKj"
      />
      <div
        class="boardTile__TileStyle-sc-1qqbdtl-0 hEUoKj"
      />
      <div
        class="boardTile__TileStyle-sc-1qqbdtl-0 hzbRhk"
      />
      <div
        class="boardTile__TileStyle-sc-1qqbdtl-0 hzbRhk"
      />
      <div
        class="boardTile__TileStyle-sc-1qqbdtl-0 hEUoKj"
      />
      <div
        class="boardTile__TileStyle-sc-1qqbdtl-0 hEUoKj"
      />
      <div
        class="boardTile__TileStyle-sc-1qqbdtl-0 hEUoKj"
      />
      <div
        class="boardTile__TileStyle-sc-1qqbdtl-0 bjABBn"
      />
      <div
        class="boardTile__TileStyle-sc-1qqbdtl-0 knmehA"
      />
      <div
        class="boardTile__TileStyle-sc-1qqbdtl-0 hEUoKj"
      />
      <div
        class="boardTile__TileStyle-sc-1qqbdtl-0 hnAJBn"
      />
      <div
        class="boardTile__TileStyle-sc-1qqbdtl-0 knmehA"
      />
      <div
        class="boardTile__TileStyle-sc-1qqbdtl-0 hzbRhk"
      />
      <div
        class="boardTile__TileStyle-sc-1qqbdtl-0 hEUoKj"
      />
      <div
        class="boardTile__TileStyle-sc-1qqbdtl-0 dnIJzc"
      />
      <div
        class="boardTile__TileStyle-sc-1qqbdtl-0 gJuGMb"
      />
      <div
        class="boardTile__TileStyle-sc-1qqbdtl-0 hEUoKj"
      />
      <div
        class="boardTile__TileStyle-sc-1qqbdtl-0 hEUoKj"
      />
      <div
        class="boardTile__TileStyle-sc-1qqbdtl-0 hEUoKj"
      />
      <div
        class="boardTile__TileStyle-sc-1qqbdtl-0 dnIJzc"
      />
      <div
        class="boardTile__TileStyle-sc-1qqbdtl-0 knmehA"
      />
      <div
        class="boardTile__TileStyle-sc-1qqbdtl-0 dUcGDc"
      />
      <div
        class="boardTile__TileStyle-sc-1qqbdtl-0 hEUoKj"
      />
      <div
        class="boardTile__TileStyle-sc-1qqbdtl-0 hEUoKj"
      />
      <div
        class="boardTile__TileStyle-sc-1qqbdtl-0 hEUoKj"
      />
      <div
        class="boardTile__TileStyle-sc-1qqbdtl-0 hEUoKj"
      />
      <div
        class="boardTile__TileStyle-sc-1qqbdtl-0 bjABBn"
      />
      <div
        class="boardTile__TileStyle-sc-1qqbdtl-0 gJuGMb"
      />
      <div
        class="boardTile__TileStyle-sc-1qqbdtl-0 hEUoKj"
      />
      <div
        class="boardTile__TileStyle-sc-1qqbdtl-0 hEUoKj"
      />
      <div
        class="boardTile__TileStyle-sc-1qqbdtl-0 hEUoKj"
      />
      <div
        class="boardTile__TileStyle-sc-1qqbdtl-0 hzbRhk"
      />
      <div
        class="boardTile__TileStyle-sc-1qqbdtl-0 hEUoKj"
      />
      <div
        class="boardTile__TileStyle-sc-1qqbdtl-0 hEUoKj"
      />
      <div
        class="boardTile__TileStyle-sc-1qqbdtl-0 hEUoKj"
      />
      <div
        class="boardTile__TileStyle-sc-1qqbdtl-0 hEUoKj"
      />
      <div
        class="boardTile__TileStyle-sc-1qqbdtl-0 hEUoKj"
      />
      <div
        class="boardTile__TileStyle-sc-1qqbdtl-0 hzbRhk"
      />
      <div
        class="boardTile__TileStyle-sc-1qqbdtl-0 hEUoKj"
      />
      <div
        class="boardTile__TileStyle-sc-1qqbdtl-0 hEUoKj"
      />
      <div
        class="boardTile__TileStyle-sc-1qqbdtl-0 hEUoKj"
      />
      <div
        class="boardTile__TileStyle-sc-1qqbdtl-0 hEUoKj"
      />
      <div
        class="boardTile__TileStyle-sc-1qqbdtl-0 dnIJzc"
      />
      <div
        class="boardTile__TileStyle-sc-1qqbdtl-0 kHlErL"
      />
      <div
        class="boardTile__TileStyle-sc-1qqbdtl-0 hEUoKj"
      />
      <div
        class="boardTile__TileStyle-sc-1qqbdtl-0 hEUoKj"
      />
      <div
        class="boardTile__TileStyle-sc-1qqbdtl-0 hEUoKj"
      />
      <div
        class="boardTile__TileStyle-sc-1qqbdtl-0 hEUoKj"
      />
      <div
        class="boardTile__TileStyle-sc-1qqbdtl-0 dUcGDc"
      />
      <div
        class="boardTile__TileStyle-sc-1qqbdtl-0 hEUoKj"
      />
      <div
        class="boardTile__TileStyle-sc-1qqbdtl-0 hEUoKj"
      />
      <div
        class="boardTile__TileStyle-sc-1qqbdtl-0 hEUoKj"
      />
      <div
        class="boardTile__TileStyle-sc-1qqbdtl-0 hEUoKj"
      />
      <div
        class="boardTile__TileStyle-sc-1qqbdtl-0 hEUoKj"
      />
      <div
        class="boardTile__TileStyle-sc-1qqbdtl-0 hEUoKj"
      />
      <div
        class="boardTile__TileStyle-sc-1qqbdtl-0 hEUoKj"
      />
      <div
        class="boardTile__TileStyle-sc-1qqbdtl-0 hEUoKj"
      />
      <div
        class="boardTile__TileStyle-sc-1qqbdtl-0 hEUoKj"
      />
      <div
        class="boardTile__TileStyle-sc-1qqbdtl-0 dnIJzc"
      />
      <div
        class="boardTile__TileStyle-sc-1qqbdtl-0 knmehA"
      />
      <div
        class="boardTile__TileStyle-sc-1qqbdtl-0 hEUoKj"
      />
      <div
        class="boardTile__TileStyle-sc-1qqbdtl-0 hEUoKj"
      />
      <div
        class="boardTile__TileStyle-sc-1qqbdtl-0 dUcGDc"
      />
      <div
        class="boardTile__TileStyle-sc-1qqbdtl-0 dnIJzc"
      />
      <div
        class="boardTile__TileStyle-sc-1qqbdtl-0 evSgDc"
      />
      <div
        class="boardTile__TileStyle-sc-1qqbdtl-0 knmehA"
      />
      <div
        class="boardTile__TileStyle-sc-1qqbdtl-0 hEUoKj"
      />
      <div
        class="boardTile__TileStyle-sc-1qqbdtl-0 hEUoKj"
      />
      <div
        class="boardTile__TileStyle-sc-1qqbdtl-0 dUcGDc"
      />
      <div
        class="boardTile__TileStyle-sc-1qqbdtl-0 hEUoKj"
      />
      <div
        class="boardTile__TileStyle-sc-1qqbdtl-0 hEUoKj"
      />
      <div
        class="boardTile__TileStyle-sc-1qqbdtl-0 hEUoKj"
      />
      <div
        class="boardTile__TileStyle-sc-1qqbdtl-0 hEUoKj"
      />
      <div
        class="boardTile__TileStyle-sc-1qqbdtl-0 dUcGDc"
      />
      <div
        class="boardTile__TileStyle-sc-1qqbdtl-0 dnIJzc"
      />
      <div
        class="boardTile__TileStyle-sc-1qqbdtl-0 knmehA"
      />
      <div
        class="boardTile__TileStyle-sc-1qqbdtl-0 hEUoKj"
      />
      <div
        class="boardTile__TileStyle-sc-1qqbdtl-0 dnIJzc"
      />
      <div
        class="boardTile__TileStyle-sc-1qqbdtl-0 kHlErL"
      />
      <div
        class="boardTile__TileStyle-sc-1qqbdtl-0 hEUoKj"
      />
      <div
        class="boardTile__TileStyle-sc-1qqbdtl-0 hEUoKj"
      />
      <div
        class="boardTile__TileStyle-sc-1qqbdtl-0 hEUoKj"
      />
      <div
        class="boardTile__TileStyle-sc-1qqbdtl-0 hEUoKj"
      />
      <div
        class="boardTile__TileStyle-sc-1qqbdtl-0 dnIJzc"
      />
      <div
        class="boardTile__TileStyle-sc-1qqbdtl-0 kHlErL"
      />
      <div
        class="boardTile__TileStyle-sc-1qqbdtl-0 hEUoKj"
      />
      <div
        class="boardTile__TileStyle-sc-1qqbdtl-0 hEUoKj"
      />
      <div
        class="boardTile__TileStyle-sc-1qqbdtl-0 hEUoKj"
      />
      <div
        class="boardTile__TileStyle-sc-1qqbdtl-0 hEUoKj"
      />
      <div
        class="boardTile__TileStyle-sc-1qqbdtl-0 hzbRhk"
      />
      <div
        class="boardTile__TileStyle-sc-1qqbdtl-0 dnIJzc"
      />
      <div
        class="boardTile__TileStyle-sc-1qqbdtl-0 gJuGMb"
      />
      <div
        class="boardTile__TileStyle-sc-1qqbdtl-0 dUcGDc"
      />
      <div
        class="boardTile__TileStyle-sc-1qqbdtl-0 dUcGDc"
      />
      <div
        class="boardTile__TileStyle-sc-1qqbdtl-0 dUcGDc"
      />
      <div
        class="boardTile__TileStyle-sc-1qqbdtl-0 dUcGDc"
      />
      <div
        class="boardTile__TileStyle-sc-1qqbdtl-0 dUcGDc"
      />
      <div
        class="boardTile__TileStyle-sc-1qqbdtl-0 hnAJBn"
      />
      <div
        class="boardTile__TileStyle-sc-1qqbdtl-0 gJuGMb"
      />
      <div
        class="boardTile__TileStyle-sc-1qqbdtl-0 dUcGDc"
      />
      <div
        class="boardTile__TileStyle-sc-1qqbdtl-0 dUcGDc"
      />
      <div
        class="boardTile__TileStyle-sc-1qqbdtl-0 hnAJBn"
      />
      <div
        class="boardTile__TileStyle-sc-1qqbdtl-0 gJuGMb"
      />
      <div
        class="boardTile__TileStyle-sc-1qqbdtl-0 dUcGDc"
      />
      <div
        class="boardTile__TileStyle-sc-1qqbdtl-0 dUcGDc"
      />
      <div
        class="boardTile__TileStyle-sc-1qqbdtl-0 dUcGDc"
      />
      <div
        class="boardTile__TileStyle-sc-1qqbdtl-0 hnAJBn"
      />
    </div>
  </div>,
}
`;
